<?xml version="1.0" encoding="UTF-8"?>
<TestRun id="aeb0fbbf-b4ad-4acb-9425-a9882eb8cff5" name="Ryan@RYAN-PC 2010-07-13 19:43:58" runUser="Ryan-PC\Ryan" xmlns="http://microsoft.com/schemas/VisualStudio/TeamTest/2006">
  <TestRunConfiguration name="Local Test Run" id="c2662d0b-84f4-491d-9f5c-5f69d0445cbc">
    <Description>This is a default test run configuration for a local test run.</Description>
    <Deployment runDeploymentRoot="C:\Repositories\QuickBooks\trunk\TestResults\Ryan_RYAN-PC 2010-07-13 19_43_58">
      <DeploymentItem filename="C:\Repositories\QuickBooks\QuickBooks.Test\ThirdParty\Moq.dll" />
      <DeploymentItem filename="C:\Repositories\QuickBooks\trunk\bin\Release\QuickBooks.exe" />
    </Deployment>
    <TestTypeSpecific />
  </TestRunConfiguration>
  <ResultSummary outcome="Error">
    <Counters total="1" executed="1" error="0" failed="0" timeout="0" aborted="1" inconclusive="0" passedButRunAborted="0" notRunnable="0" notExecuted="0" disconnected="0" warning="0" passed="0" completed="0" inProgress="0" pending="0" />
    <RunInfos>
      <RunInfo computerName="RYAN-PC" outcome="Error" timestamp="2010-07-13T19:46:32.7520000-05:00">
        <Text>Test host process exited unexpectedly.</Text>
      </RunInfo>
    </RunInfos>
  </ResultSummary>
  <Times creation="2010-07-13T19:43:58.5810000-05:00" queuing="2010-07-13T19:44:04.6030000-05:00" start="2010-07-13T19:44:05.0930000-05:00" finish="2010-07-13T19:46:32.7530000-05:00" />
  <TestDefinitions>
    <UnitTest name="ModifyCustomer" storage="c:\repositories\quickbooks\quickbooks.test\bin\release\quickbooks.test.dll" id="bd747fe9-3b54-2816-c073-411b772c5909">
      <Css projectStructure="" iteration="" />
      <Owners>
        <Owner name="" />
      </Owners>
      <Execution id="c1b932cd-8ba1-410c-961c-53a33c9801eb" />
      <TestMethod codeBase="C:\Repositories\QuickBooks\QuickBooks.Test\bin\Release\QuickBooks.Test.dll" adapterTypeName="Microsoft.VisualStudio.TestTools.TestTypes.Unit.UnitTestAdapter, Microsoft.VisualStudio.QualityTools.Tips.UnitTest.Adapter, Version=9.0.0.0, Culture=neutral, PublicKeyToken=b03f5f7f11d50a3a" className="QuickBooks.Test.QBRepositoryTest, QuickBooks.Test" name="ModifyCustomer" />
    </UnitTest>
  </TestDefinitions>
  <TestLists>
    <TestList name="Results Not in a List" id="8c84fa94-04c1-424b-9868-57a2d4851a1d" />
    <TestList name="All Loaded Results" id="19431567-8539-422a-85d7-44ee4e166bda" />
  </TestLists>
  <TestEntries>
    <TestEntry testId="bd747fe9-3b54-2816-c073-411b772c5909" executionId="52acf9ef-40b4-4b5e-81ad-7fe07fb2295b" testListId="8c84fa94-04c1-424b-9868-57a2d4851a1d" />
  </TestEntries>
  <Results>
    <UnitTestResult executionId="52acf9ef-40b4-4b5e-81ad-7fe07fb2295b" testId="bd747fe9-3b54-2816-c073-411b772c5909" testName="ModifyCustomer" computerName="RYAN-PC" duration="00:02:27.5480000" startTime="2010-07-13T19:44:05.2050000-05:00" endTime="2010-07-13T19:46:32.7530000-05:00" testType="13cdc9d9-ddb5-4fa4-a97d-d965ccfc6d4b" outcome="Aborted" testListId="8c84fa94-04c1-424b-9868-57a2d4851a1d">
    </UnitTestResult>
  </Results>
</TestRun>